## gsd-documentador log — quick/trazabilidad

### 2026-07-25

**Pool trazabilidad close documentation.**

Read sources:
- `.planning/quick/trazabilidad/PLAN.md`
- `.planning/quick/gsd-trazabilidad.log` (executor log)
- `.planning/quick/gsd-test-guardian-trazabilidad.log`
- `docs/ANEXO_T-TRAZABILIDAD.md` (SPEC)
- `docs/SPEC-FASE2.md`
- Git log: 17 commits across trace module (15 feat/fix/chore + 2 fix cleanup)
- Existing documentador pools: `mvp-fase1-pool.md`, `remaining-contracts-app.md`, `remaining-contracts-cognitive.md`
- `.grok/agent-memory/MEMORY.md`
- Test results: 566 passed non-infra, 0 regressions

Actions taken:
1. Updated `.planning/quick/trazabilidad/PLAN.md` — all 7 tasks marked DONE with commits + verification; all 12 success criteria checked.
2. Created `.planning/quick/trazabilidad/SUMMARY.md` — consolidated outcomes, architecture decisions, review stats, residuals.
3. Created `.grok/agent-memory/documentador/pool-2026-07-25-trazabilidad.md` — full pool documentation report.
4. Updated `.grok/agent-memory/MEMORY.md` — added trazabilidad entries to Documentador, Test Guardian sections.

Residuals:
- Per-retriever data filtering in step detail (deferred, needs schema changes)
- Unique constraint on pipeline_traces.turn_id (pre-existing)
- ContextBuilder input/output display improvement
- _ensure_row warning on missing turn
- Doctrine callbacks missing owner auth (pre-existing F2)

Docs commit pending.
