## gsd-documentador log — quick/trazabilidad-polish

### 2026-07-25

**Pool trazabilidad-polish close documentation.**

Read sources:
- `.planning/quick/trazabilidad-polish/PLAN.md`
- `.planning/quick/trazabilidad-polish/quick-trazabilidad-polish-SUMMARY.md` (executor summary)
- `.planning/quick/gsd-trazabilidad-polish.log` (executor log)
- `.planning/quick/gsd-test-guardian-trazabilidad.log`
- `.planning/quick/trazabilidad/SUMMARY.md` (parent module summary)
- `.grok/agent-memory/documentador/pool-2026-07-25-trazabilidad.md` (parent pool report)
- `.grok/agent-memory/MEMORY.md`
- Git log: 4 new commits (063e13b, d77fa12, bbb8574, 6a2c2f2)
- Test results: 628 passed, 0 regressions (baseline was 566)

Actions taken:
1. Updated `.planning/quick/trazabilidad-polish/PLAN.md` — all 4 tasks marked DONE with commits + verification; all 10 success criteria checked.
2. Created `.planning/quick/trazabilidad-polish/SUMMARY.md` — consolidated outcomes, residuals, verification.
3. Created `.grok/agent-memory/documentador/pool-2026-07-25-trazabilidad-polish.md` — full pool documentation report.
4. Updated `.grok/agent-memory/MEMORY.md` — added trazabilidad-polish entry to Documentador section.

Residuals:
- purge_expired() batched DELETE untestable without real Postgres (documented integration gap)
- TimeoutError recovery path in TracePurgeJob untested (deferred nit)

Docs commit pending.
